
> client@0.0.0 build
> vite build

[36mvite v7.3.1 [32mbuilding client environment for production...[36m[39m
transforming...
[32mΓ£ô[39m 4 modules transformed.
node.exe : 
[31mΓ£ù[39m Build 
failed in 52ms
At line:1 char:1
+ & "E:\node 
js/node.exe" "E:\node 
js/node_modules/npm/bi
n/npm-cli.js"  ...
+ ~~~~~~~~~~~~~~~~~~~~
~~~~~~~~~~~~~~~~~~~~~~
~~~~~~~~~~~~~~~~~~~~~~
~~~~~
    + CategoryInfo    
          : NotSpeci  
  fied: ([31mΓ£ù[   
 39m Build failed     
in 52ms:String) [    
], RemoteExceptio    n
    + FullyQualifiedE 
   rrorId : NativeCo  
  mmandError
 
[31merror during 
build:
[31m[vite]: Rollup 
failed to resolve 
import 
"react-router-dom" 
from "E:/creators-plat
form/client/src/App.js
x".
This is most likely 
unintended because it 
can break your 
application at 
runtime.
If you do want to 
externalize this 
module explicitly add 
it to
`build.rollupOptions.e
xternal`[31m
    at viteLog (file:/
//E:/creators-platform
/client/node_modules/v
ite/dist/node/chunks/c
onfig.js:33635:57)
    at file:///E:/crea
tors-platform/client/n
ode_modules/vite/dist/
node/chunks/config.js:
33669:73
    at onwarn (file://
/E:/creators-platform/
client/node_modules/@v
itejs/plugin-react/dis
t/index.js:76:7)
    at file:///E:/crea
tors-platform/client/n
ode_modules/vite/dist/
node/chunks/config.js:
33669:28
    at onRollupLog (fi
le:///E:/creators-plat
form/client/node_modul
es/vite/dist/node/chun
ks/config.js:33664:63)
    at onLog (file:///
E:/creators-platform/c
lient/node_modules/vit
e/dist/node/chunks/con
fig.js:33467:4)
    at file:///E:/crea
tors-platform/client/n
ode_modules/rollup/dis
t/es/shared/node-entry
.js:20981:32
    at Object.logger 
[as onLog] (file:///E:
/creators-platform/cli
ent/node_modules/rollu
p/dist/es/shared/node-
entry.js:22968:9)
    at ModuleLoader.ha
ndleInvalidResolvedId 
(file:///E:/creators-p
latform/client/node_mo
dules/rollup/dist/es/s
hared/node-entry.js:21
712:26)
    at file:///E:/crea
tors-platform/client/n
ode_modules/rollup/dis
t/es/shared/node-entry
.js:21670:26[39m
